Flow report for DE2_demodula
Mon Jun 22 22:30:44 2026
Quartus II Version 9.1 Build 350 03/24/2010 Service Pack 2 SJ Web Edition


---------------------
; Table of Contents ;
---------------------
  1. Legal Notice
  2. Flow Summary
  3. Flow Settings
  4. Flow Non-Default Global Settings
  5. Flow Elapsed Time
  6. Flow OS Summary
  7. Flow Log



----------------
; Legal Notice ;
----------------
Copyright (C) 1991-2010 Altera Corporation
Your use of Altera Corporation's design tools, logic functions 
and other software and tools, and its AMPP partner logic 
functions, and any output files from any of the foregoing 
(including device programming or simulation files), and any 
associated documentation or information are expressly subject 
to the terms and conditions of the Altera Program License 
Subscription Agreement, Altera MegaCore Function License 
Agreement, or other applicable license agreement, including, 
without limitation, that your use is for the sole purpose of 
programming logic devices manufactured by Altera and sold by 
Altera or its authorized distributors.  Please refer to the 
applicable agreement for further details.



+-----------------------------------------------------------------------------------+
; Flow Summary                                                                      ;
+------------------------------------+----------------------------------------------+
; Flow Status                        ; Successful - Mon Jun 22 22:30:44 2026        ;
; Quartus II Version                 ; 9.1 Build 350 03/24/2010 SP 2 SJ Web Edition ;
; Revision Name                      ; DE2_demodula                                 ;
; Top-level Entity Name              ; DE2_demodula                                 ;
; Family                             ; Cyclone II                                   ;
; Device                             ; EP2C35F672C6                                 ;
; Timing Models                      ; Final                                        ;
; Met timing requirements            ; No                                           ;
; Total logic elements               ; 589 / 33,216 ( 2 % )                         ;
;     Total combinational functions  ; 486 / 33,216 ( 1 % )                         ;
;     Dedicated logic registers      ; 408 / 33,216 ( 1 % )                         ;
; Total registers                    ; 408                                          ;
; Total pins                         ; 10 / 475 ( 2 % )                             ;
; Total virtual pins                 ; 0                                            ;
; Total memory bits                  ; 20,010 / 483,840 ( 4 % )                     ;
; Embedded Multiplier 9-bit elements ; 11 / 70 ( 16 % )                             ;
; Total PLLs                         ; 1 / 4 ( 25 % )                               ;
+------------------------------------+----------------------------------------------+


+-----------------------------------------+
; Flow Settings                           ;
+-------------------+---------------------+
; Option            ; Setting             ;
+-------------------+---------------------+
; Start date & time ; 06/22/2026 22:30:32 ;
; Main task         ; Compilation         ;
; Revision Name     ; DE2_demodula        ;
+-------------------+---------------------+


+------------------------------------------------------------------------------------------------------------------------------------------------+
; Flow Non-Default Global Settings                                                                                                               ;
+--------------------------------------+----------------------------------------------------------+---------------+-------------+----------------+
; Assignment Name                      ; Value                                                    ; Default Value ; Entity Name ; Section Id     ;
+--------------------------------------+----------------------------------------------------------+---------------+-------------+----------------+
; COMPILER_SIGNATURE_ID                ; 229530392240089.178217823215920                          ; --            ; --          ; --             ;
; EDA_DESIGN_INSTANCE_NAME             ; tb_AM_Mixer                                              ; --            ; --          ; tb_AM_Mixer    ;
; EDA_NATIVELINK_SIMULATION_TEST_BENCH ; tb_AM_Mixer                                              ; --            ; --          ; eda_simulation ;
; EDA_OUTPUT_DATA_FORMAT               ; Vhdl                                                     ; --            ; --          ; eda_simulation ;
; EDA_SIMULATION_TOOL                  ; ModelSim-Altera (VHDL)                                   ; <None>        ; --          ; --             ;
; EDA_TEST_BENCH_ENABLE_STATUS         ; TEST_BENCH_MODE                                          ; --            ; --          ; eda_simulation ;
; EDA_TEST_BENCH_FILE                  ; Testbench/tb_AM_Mixer.vhd                                ; --            ; --          ; tb_AM_Mixer    ;
; EDA_TEST_BENCH_MODULE_NAME           ; tb_AM_Mixer                                              ; --            ; --          ; tb_AM_Mixer    ;
; EDA_TEST_BENCH_NAME                  ; tb_AM_Mixer                                              ; --            ; --          ; eda_simulation ;
; MAX_CORE_JUNCTION_TEMP               ; 85                                                       ; --            ; --          ; --             ;
; MIN_CORE_JUNCTION_TEMP               ; 0                                                        ; --            ; --          ; --             ;
; MISC_FILE                            ; C:/Users/1323018/Downloads/DE2_demodula/DE2_demodula.dpf ; --            ; --          ; --             ;
; PARTITION_COLOR                      ; 16764057                                                 ; --            ; --          ; Top            ;
; PARTITION_COLOR                      ; 16764057                                                 ; --            ; de2_modula  ; Top            ;
; PARTITION_FITTER_PRESERVATION_LEVEL  ; PLACEMENT_AND_ROUTING                                    ; --            ; de2_modula  ; Top            ;
; PARTITION_NETLIST_TYPE               ; SOURCE                                                   ; --            ; --          ; Top            ;
; PARTITION_NETLIST_TYPE               ; SOURCE                                                   ; --            ; de2_modula  ; Top            ;
; USE_GENERATED_PHYSICAL_CONSTRAINTS   ; Off                                                      ; --            ; --          ; eda_blast_fpga ;
+--------------------------------------+----------------------------------------------------------+---------------+-------------+----------------+


+-----------------------------------------------------------------------------------------------------------------------------+
; Flow Elapsed Time                                                                                                           ;
+-------------------------+--------------+-------------------------+---------------------+------------------------------------+
; Module Name             ; Elapsed Time ; Average Processors Used ; Peak Virtual Memory ; Total CPU Time (on all processors) ;
+-------------------------+--------------+-------------------------+---------------------+------------------------------------+
; Analysis & Synthesis    ; 00:00:02     ; 1.0                     ; 265 MB              ; 00:00:02                           ;
; Fitter                  ; 00:00:04     ; 1.0                     ; 303 MB              ; 00:00:04                           ;
; Assembler               ; 00:00:01     ; 1.0                     ; 272 MB              ; 00:00:01                           ;
; Classic Timing Analyzer ; 00:00:00     ; 1.0                     ; 182 MB              ; 00:00:00                           ;
; EDA Netlist Writer      ; 00:00:01     ; 1.0                     ; 193 MB              ; 00:00:00                           ;
; Total                   ; 00:00:08     ; --                      ; --                  ; 00:00:07                           ;
+-------------------------+--------------+-------------------------+---------------------+------------------------------------+


+------------------------------------------------------------------------------------------+
; Flow OS Summary                                                                          ;
+-------------------------+------------------+---------------+------------+----------------+
; Module Name             ; Machine Hostname ; OS Name       ; OS Version ; Processor type ;
+-------------------------+------------------+---------------+------------+----------------+
; Analysis & Synthesis    ; PMG15IPULB31205  ; Windows Vista ; 6.2        ; x86_64         ;
; Fitter                  ; PMG15IPULB31205  ; Windows Vista ; 6.2        ; x86_64         ;
; Assembler               ; PMG15IPULB31205  ; Windows Vista ; 6.2        ; x86_64         ;
; Classic Timing Analyzer ; PMG15IPULB31205  ; Windows Vista ; 6.2        ; x86_64         ;
; EDA Netlist Writer      ; PMG15IPULB31205  ; Windows Vista ; 6.2        ; x86_64         ;
+-------------------------+------------------+---------------+------------+----------------+


------------
; Flow Log ;
------------
quartus_map --read_settings_files=on --write_settings_files=off DE2_demodula -c DE2_demodula
quartus_fit --read_settings_files=off --write_settings_files=off DE2_demodula -c DE2_demodula
quartus_asm --read_settings_files=off --write_settings_files=off DE2_demodula -c DE2_demodula
quartus_tan --read_settings_files=off --write_settings_files=off DE2_demodula -c DE2_demodula --timing_analysis_only
quartus_eda --read_settings_files=off --write_settings_files=off DE2_demodula -c DE2_demodula



